[moonc.net/index.html]
[moonc.net/logo.webp]
[moonc.net/announcements/moonxtermo2.png]
[moonc.net/support_tickets_image.png]
[moonc.net/_next/static/css/8392f906e0ac6fdc.css]
[moonc.net/_next/static/css/629e3b6367fad4ab.css]
[moonc.net/_next/static/css/ed36eca7722b6547.css]
[moonc.net/_next/static/chunks/webpack-5cc082eaaea6a587.js]
[moonc.net/_next/static/chunks/fd9d1056-f98a4d52a35922c2.js]
[moonc.net/_next/static/chunks/2117-9cf6ee7a1c2d55a2.js]
[moonc.net/_next/static/chunks/main-app-be3d940aef6bd3eb.js]
[moonc.net/_next/static/chunks/c16f53c3-ed3973f52c35685a.js]
[moonc.net/_next/static/chunks/53c13509-0f45496820cbc37a.js]
[moonc.net/_next/static/chunks/4023-ecffcddb31459b17.js]
[moonc.net/_next/static/chunks/28-bb20ad3364038243.js]
[moonc.net/_next/static/chunks/4208-0c10b648a9916aa3.js]
[moonc.net/_next/static/chunks/5767-4390b3fd098a8eff.js]
[moonc.net/_next/static/chunks/2972-d5b079e20649cd1b.js]
[moonc.net/_next/static/chunks/5177-c35f4eb051e52d2f.js]
[moonc.net/_next/static/chunks/7148-7495a29bab62a148.js]
[moonc.net/_next/static/chunks/3548-e5586831a724e644.js]
[moonc.net/_next/static/chunks/3574-222c9bfdedee7189.js]
[moonc.net/_next/static/chunks/689-2bdc719e15e37074.js]
[moonc.net/_next/static/chunks/3959-ea85ea88966e7372.js]
[moonc.net/_next/static/chunks/9959-9df9118ad88aa05e.js]
[moonc.net/_next/static/chunks/app/page-69d5b3fc5684cb8d.js]
[moonc.net/_next/static/chunks/2695-21534d184f772866.js]
[moonc.net/_next/static/chunks/9158-a39813bee2dbbadc.js]
[moonc.net/_next/static/chunks/2724-27dcaca4a354d4c1.js]
[backblue.gif]
[fade.gif]
[index.html]
[moonc.net/_next/static/chunks/app/layout-cdd7bbbb42b59c1c.js]
[moonc.net/_next/static/chunks/polyfills-42372ed130431b0a.js]
[moonc.net/rules.html]
[moonc.net/_next/en9653.png]
[moonc.net/_next/esaa72.png]
[moonc.net/_next/itc3ba.png]
[moonc.net/_next/fr6ffe.png]
[moonc.net/wiki.html]
[moonc.net/announcements/v0.html]
[moonc.net/knowledgebase.25.delayed]
[moonc.net/announcements.html]
[moonc.net/partners.html]
[moonc.net/careers.28.delayed]
[moonc.net/index.html]
[moonc.net/_next/static/css/8392f906e0ac6fdc.css]
[moonc.net/_next/static/css/629e3b6367fad4ab.css]
[moonc.net/_next/static/media/55c55f0601d81cf3-s.woff2]
[moonc.net/_next/static/media/26a46d62cd723877-s.woff2]
[moonc.net/_next/static/media/97e0cb1ae144a2a9-s.woff2]
[moonc.net/_next/static/media/581909926a08bbc8-s.woff2]
[moonc.net/_next/static/media/df0a9ae256c0569c-s.woff2]
[moonc.net/_next/static/media/6d93bde91c0c2823-s.woff2]
[moonc.net/_next/static/media/a34f9d1faa5f3315-s.p.woff2]
[moonc.net/spotlight.png]
[moonc.net/grid_pattern_light.png]
[moonc.net/grid_pattern_dark.png]
[moonc.net/globe_paper_light.png]
[moonc.net/globe_paper_dark.png]
[moonc.net/globe_paper_large_light.png]
[moonc.net/globe_paper_large_dark.png]
[moonc.net/_next/static/css/ed36eca7722b6547.css]
[moonc.net/_next/static/chunks/4214-b1d72cf709cdad0e.js]
[moonc.net/rules.html]
[moonc.net/_next/static/chunks/app/rules/page-0f45c9f691adaadf.js]
[moonc.net/_next/static/chunks/0e762574-40250117213c2978.js]
[moonc.net/_next/static/chunks/app/wiki/page-5d8d75aec8c62da6.js]
[moonc.net/wiki.html]
[moonc.net/wiki/boost-beneficios.html]
[moonc.net/_next/static/chunks/8538-10abc667bb9c4de3.js]
[moonc.net/_next/static/chunks/app/announcements/(es)/v0.1/page-ca97b37882ba8940.js]
[moonc.net/announcements/v0.html]
[moonc.net/knowledgebase.html]
[moonc.net/_next/static/chunks/8e1d74a4-3d37852a78992d6a.js]
[moonc.net/announcements.html]
[moonc.net/_next/static/chunks/app/announcements/page-5cca042e3ac5e682.js]
[moonc.net/_next/static/chunks/1360-852926a132bd7285.js]
[moonc.net/_next/static/chunks/app/partners/page-d93003f3609ef4cc.js]
[moonc.net/partners.html]
[moonc.net/careers.html]
[moonc.net/_next/static/chunks/app/wiki/boost-beneficios/page-4ebfcdd13bd42709.js]
[moonc.net/wiki/boost-beneficios.html]
